// Jest Snapshot v1, https://goo.gl/fbAQLP

exports[`it returns a missions component 1`] = `
<div
  className="container"
>
  <table
    className="table table table-sm table-striped table-bordered table-hover"
  >
    <thead>
      <tr>
        <th>
          Mission
        </th>
        <th>
          Description
        </th>
        <th>
          Status
        </th>
      </tr>
    </thead>
  </table>
</div>
`;
